ignore in if condition
ignore in test condition
ignore in if not condition
ignore in or
ignore in and
ignore in matches
ignore in while loop condition
ignore in while loop condition
after a while ...
ignore pipes with successful last
ion: pipeline execution error: early exit: pipeline failed with error code 1
