1
2
ion: pipeline execution error: early exit: pipeline failed with error code 1
