and
or
false
true
double or
double and
or and
true
true
false
true
true
false
true
true
false
ion: pipeline execution error: early exit: pipeline failed with error code 1
