not true
not true
not false
not false
true and not false
true and not false
not test
not test
hello
ion: pipeline execution error: early exit: pipeline failed with error code 1
